// Vitest Snapshot v1, https://vitest.dev/guide/snapshot.html

exports[`pandaCSS Preset > matches the snapshot 1`] = `1`;
